// Jest Snapshot v1, https://goo.gl/fbAQLP

exports[`<Container /> should mount properly 1`] = `
<Container>
  <style__Container>
    <StyledComponent
      forwardedComponent={
        Object {
          "$$typeof": Symbol(react.forward_ref),
          "attrs": Array [],
          "componentStyle": ComponentStyle {
            "componentId": "style__Container-ce4g5i-0",
            "isStatic": false,
            "lastClassName": "cbwKLb",
            "rules": Array [
              "margin:0 auto;max-width:",
              "1200px",
              ";width:calc(100% - 30px);",
            ],
          },
          "displayName": "style__Container",
          "foldedComponentIds": Array [],
          "render": [Function],
          "styledComponentId": "style__Container-ce4g5i-0",
          "target": "div",
          "toString": [Function],
          "warnTooManyClasses": [Function],
          "withComponent": [Function],
        }
      }
      forwardedRef={null}
    >
      <div
        className="style__Container-ce4g5i-0 cbwKLb"
      >
        <p>
          Lightning doesn't struck twice, Chuck Norris does. When Chuck Norris sends in his taxes, he sends blank forms and includes only a picture of himself, crouched and ready to attack. Chuck Norris has not had to pay taxes, ever, The Great Wall of China was originally created to keep Chuck Norris out. It failed miserably, Chuck Norris doesn't read books. He stares them down until he gets the information he wants, When Chuck Norris sends in his taxes, he sends blank forms and includes only a picture of himself, crouched and ready to attack. Chuck Norris has not had to pay taxes, ever. Fool me once, shame on you. Fool Chuck Norris once and he will roundhouse you in the face. What was going through the minds of all of Chuck Norris' victims before they died? His shoe. Chuck Norris can slam a revolving door, Chuck Norris is so fast, he can run around the world and punch himself in the back of the head Chuck Norris doesn't go hunting... CHUCK NORRIS GOES KILLING. Chuck Norris drives an ice cream truck covered in human skulls, There is no chin behind Chuck Norris' beard. There is only another fist. Chuck Norris has two speeds. Walk, and Kill.
        </p>
      </div>
    </StyledComponent>
  </style__Container>
</Container>
`;
